// Jest Snapshot v1, https://goo.gl/fbAQLP

exports[`Dashboard should render correctly 1`] = `
<DocumentFragment>
  <div
    class="MuiBox-root css-thm7"
  >
    <div
      class="MuiBox-root css-142jpn8"
    />
    <h6
      class="MuiTypography-root MuiTypography-h6 MuiTypography-alignCenter css-1kgxqm0-MuiTypography-root"
    >
      Loading...
    </h6>
  </div>
</DocumentFragment>
`;
